// Jest Snapshot v1, https://goo.gl/fbAQLP

exports[`should check default app structure 1`] = `
<div>
  <div
    id="content-manager"
  >
    <div
      className="page"
      id="page-home"
    >
      <div
        className="ui header"
        style={
          Object {
            "color": "#003057",
            "fontFamily": "Montserrat",
          }
        }
      />
      <div
        className="ui hidden divider"
      />
      <div
        className="ui hidden divider"
      />
    </div>
  </div>
</div>
`;
